C51 COMPILER V9.57.0.0   MAIN                                                              05/18/2026 21:38:34 PAGE 1   


C51 COMPILER V9.57.0.0, COMPILATION OF MODULE MAIN
OBJECT MODULE PLACED IN .\Objects\main.obj
COMPILER INVOKED BY: C:\Keil_v5\C51\BIN\C51.EXE main.c OPTIMIZE(8,SPEED) BROWSE DEBUG OBJECTEXTEND PRINT(.\Listings\main
                    -.lst) TABS(2) OBJECT(.\Objects\main.obj)

line level    source

   1          #include <REGX52.H>
   2          #include "LCD1602.h"
   3          #include "delay.h"
   4          void main(void) {
   5   1        LCD_Init();
   6   1      //  LCD_ShowChar(2, 3, '\''); // 编译器中会讲'A'自动转化为0x41这个数码  
   7   1      //  LCD_ShowChar(2, 4, 0x41);
   8   1      //  LCD_ShowString(2, 6, "HELlO 0!"); // 字符串的最后一个字符都是默认是\0字符 注意不是
             -数字0
   9   1        LCD_ShowNum(1, 1, 32, 2);
  10   1        LCD_ShowSignedNum(1, 5, 48, 2);
  11   1        LCD_ShowHexNum(1, 8, 0xA5, 2);
  12   1        LCD_ShowBinNum(2, 1, 0x15, 8);
  13   1        LCD_ShowChar(2, 9, 0xDF); // 设置左上角的句号字符
  14   1        LCD_ShowChar(2, 10, 0xE0); // 显示 尔法
  15   1        LCD_ShowString(1, 16, "Welcome To China !");
  16   1        while(1) {
  17   2          LCD_WriteCommand(0x18);
  18   2          Delay(500);
  19   2        }
  20   1      }


MODULE INFORMATION:   STATIC OVERLAYABLE
   CODE SIZE        =    104    ----
   CONSTANT SIZE    =     19    ----
   XDATA SIZE       =   ----    ----
   PDATA SIZE       =   ----    ----
   DATA SIZE        =   ----    ----
   IDATA SIZE       =   ----    ----
   BIT SIZE         =   ----    ----
END OF MODULE INFORMATION.


C51 COMPILATION COMPLETE.  0 WARNING(S),  0 ERROR(S)
